Flow report for CPU
Sat Mar 21 19:58:48 2026
Quartus Prime Version 18.1.0 Build 625 09/12/2018 SJ Lite Edition


---------------------
; Table of Contents ;
---------------------
  1. Legal Notice
  2. Flow Summary
  3. Flow Settings
  4. Flow Non-Default Global Settings
  5. Flow Elapsed Time
  6. Flow OS Summary
  7. Flow Log
  8. Flow Messages
  9. Flow Suppressed Messages



----------------
; Legal Notice ;
----------------
Copyright (C) 2018  Intel Corporation. All rights reserved.
Your use of Intel Corporation's design tools, logic functions 
and other software and tools, and its AMPP partner logic 
functions, and any output files from any of the foregoing 
(including device programming or simulation files), and any 
associated documentation or information are expressly subject 
to the terms and conditions of the Intel Program License 
Subscription Agreement, the Intel Quartus Prime License Agreement,
the Intel FPGA IP License Agreement, or other applicable license
agreement, including, without limitation, that your use is for
the sole purpose of programming logic devices manufactured by
Intel and sold by Intel or its authorized distributors.  Please
refer to the applicable agreement for further details.



+-------------------------------------------------------------------------------+
; Flow Summary                                                                  ;
+---------------------------------+---------------------------------------------+
; Flow Status                     ; Successful - Sat Mar 21 19:58:48 2026       ;
; Quartus Prime Version           ; 18.1.0 Build 625 09/12/2018 SJ Lite Edition ;
; Revision Name                   ; CPU                                         ;
; Top-level Entity Name           ; datapath                                    ;
; Family                          ; Cyclone V                                   ;
; Device                          ; 5CEBA4F23C7                                 ;
; Timing Models                   ; Final                                       ;
; Logic utilization (in ALMs)     ; N/A                                         ;
; Total registers                 ; 947                                         ;
; Total pins                      ; 219                                         ;
; Total virtual pins              ; 0                                           ;
; Total block memory bits         ; 16,384                                      ;
; Total DSP Blocks                ; 0                                           ;
; Total HSSI RX PCSs              ; 0                                           ;
; Total HSSI PMA RX Deserializers ; 0                                           ;
; Total HSSI TX PCSs              ; 0                                           ;
; Total HSSI PMA TX Serializers   ; 0                                           ;
; Total PLLs                      ; 0                                           ;
; Total DLLs                      ; 0                                           ;
+---------------------------------+---------------------------------------------+


+-----------------------------------------+
; Flow Settings                           ;
+-------------------+---------------------+
; Option            ; Setting             ;
+-------------------+---------------------+
; Start date & time ; 03/21/2026 19:58:00 ;
; Main task         ; Compilation         ;
; Revision Name     ; CPU                 ;
+-------------------+---------------------+


+------------------------------------------------------------------------------------------------------------------------------+
; Flow Non-Default Global Settings                                                                                             ;
+--------------------------------------+----------------------------------------+---------------+-------------+----------------+
; Assignment Name                      ; Value                                  ; Default Value ; Entity Name ; Section Id     ;
+--------------------------------------+----------------------------------------+---------------+-------------+----------------+
; COMPILER_SIGNATURE_ID                ; 38917505025.177413748026896            ; --            ; --          ; --             ;
; EDA_DESIGN_INSTANCE_NAME             ; NA                                     ; --            ; --          ; shra           ;
; EDA_DESIGN_INSTANCE_NAME             ; NA                                     ; --            ; --          ; neg            ;
; EDA_DESIGN_INSTANCE_NAME             ; NA                                     ; --            ; --          ; phase2         ;
; EDA_DESIGN_INSTANCE_NAME             ; NA                                     ; --            ; --          ; ror            ;
; EDA_DESIGN_INSTANCE_NAME             ; NA                                     ; --            ; --          ; div            ;
; EDA_DESIGN_INSTANCE_NAME             ; NA                                     ; --            ; --          ; sub            ;
; EDA_DESIGN_INSTANCE_NAME             ; NA                                     ; --            ; --          ; rol            ;
; EDA_DESIGN_INSTANCE_NAME             ; NA                                     ; --            ; --          ; shr            ;
; EDA_DESIGN_INSTANCE_NAME             ; NA                                     ; --            ; --          ; mul            ;
; EDA_DESIGN_INSTANCE_NAME             ; NA                                     ; --            ; --          ; shl            ;
; EDA_DESIGN_INSTANCE_NAME             ; NA                                     ; --            ; --          ; and            ;
; EDA_DESIGN_INSTANCE_NAME             ; NA                                     ; --            ; --          ; not            ;
; EDA_DESIGN_INSTANCE_NAME             ; NA                                     ; --            ; --          ; or             ;
; EDA_DESIGN_INSTANCE_NAME             ; NA                                     ; --            ; --          ; add            ;
; EDA_NATIVELINK_SIMULATION_TEST_BENCH ; phase2                                 ; --            ; --          ; eda_simulation ;
; EDA_OUTPUT_DATA_FORMAT               ; Verilog Hdl                            ; --            ; --          ; eda_simulation ;
; EDA_SIMULATION_TOOL                  ; ModelSim-Altera (Verilog)              ; <None>        ; --          ; --             ;
; EDA_TEST_BENCH_ENABLE_STATUS         ; TEST_BENCH_MODE                        ; --            ; --          ; eda_simulation ;
; EDA_TEST_BENCH_FILE                  ; shra_tb.v                              ; --            ; --          ; shra           ;
; EDA_TEST_BENCH_FILE                  ; neg_tb.v                               ; --            ; --          ; neg            ;
; EDA_TEST_BENCH_FILE                  ; phase2_plumbing_tb.v                   ; --            ; --          ; phase2         ;
; EDA_TEST_BENCH_FILE                  ; ror_tb.v                               ; --            ; --          ; ror            ;
; EDA_TEST_BENCH_FILE                  ; div_tb.v                               ; --            ; --          ; div            ;
; EDA_TEST_BENCH_FILE                  ; sub_tb.v                               ; --            ; --          ; sub            ;
; EDA_TEST_BENCH_FILE                  ; rol_tb.v                               ; --            ; --          ; rol            ;
; EDA_TEST_BENCH_FILE                  ; shr_tb.v                               ; --            ; --          ; shr            ;
; EDA_TEST_BENCH_FILE                  ; mul_tb.v                               ; --            ; --          ; mul            ;
; EDA_TEST_BENCH_FILE                  ; shl_tb.v                               ; --            ; --          ; shl            ;
; EDA_TEST_BENCH_FILE                  ; and_tb.v                               ; --            ; --          ; and            ;
; EDA_TEST_BENCH_FILE                  ; not_tb.v                               ; --            ; --          ; not            ;
; EDA_TEST_BENCH_FILE                  ; or_tb.v                                ; --            ; --          ; or             ;
; EDA_TEST_BENCH_FILE                  ; add_tb.v                               ; --            ; --          ; add            ;
; EDA_TEST_BENCH_MODULE_NAME           ; datapath_shra_tb                       ; --            ; --          ; shra           ;
; EDA_TEST_BENCH_MODULE_NAME           ; datapath_neg_tb                        ; --            ; --          ; neg            ;
; EDA_TEST_BENCH_MODULE_NAME           ; phase2_plumbing_tb                     ; --            ; --          ; phase2         ;
; EDA_TEST_BENCH_MODULE_NAME           ; datapath_ror_tb                        ; --            ; --          ; ror            ;
; EDA_TEST_BENCH_MODULE_NAME           ; datapath_div_tb                        ; --            ; --          ; div            ;
; EDA_TEST_BENCH_MODULE_NAME           ; datapath_sub_tb                        ; --            ; --          ; sub            ;
; EDA_TEST_BENCH_MODULE_NAME           ; datapath_rol_tb                        ; --            ; --          ; rol            ;
; EDA_TEST_BENCH_MODULE_NAME           ; datapath_shr_tb                        ; --            ; --          ; shr            ;
; EDA_TEST_BENCH_MODULE_NAME           ; datapath_mul_tb                        ; --            ; --          ; mul            ;
; EDA_TEST_BENCH_MODULE_NAME           ; datapath_shl_tb                        ; --            ; --          ; shl            ;
; EDA_TEST_BENCH_MODULE_NAME           ; datapath_and_tb                        ; --            ; --          ; and            ;
; EDA_TEST_BENCH_MODULE_NAME           ; datapath_not_tb                        ; --            ; --          ; not            ;
; EDA_TEST_BENCH_MODULE_NAME           ; datapath_or_tb                         ; --            ; --          ; or             ;
; EDA_TEST_BENCH_MODULE_NAME           ; datapath_add_tb                        ; --            ; --          ; add            ;
; EDA_TEST_BENCH_NAME                  ; and                                    ; --            ; --          ; eda_simulation ;
; EDA_TEST_BENCH_NAME                  ; add                                    ; --            ; --          ; eda_simulation ;
; EDA_TEST_BENCH_NAME                  ; mul                                    ; --            ; --          ; eda_simulation ;
; EDA_TEST_BENCH_NAME                  ; div                                    ; --            ; --          ; eda_simulation ;
; EDA_TEST_BENCH_NAME                  ; not                                    ; --            ; --          ; eda_simulation ;
; EDA_TEST_BENCH_NAME                  ; shr                                    ; --            ; --          ; eda_simulation ;
; EDA_TEST_BENCH_NAME                  ; sub                                    ; --            ; --          ; eda_simulation ;
; EDA_TEST_BENCH_NAME                  ; shra                                   ; --            ; --          ; eda_simulation ;
; EDA_TEST_BENCH_NAME                  ; shl                                    ; --            ; --          ; eda_simulation ;
; EDA_TEST_BENCH_NAME                  ; ror                                    ; --            ; --          ; eda_simulation ;
; EDA_TEST_BENCH_NAME                  ; rol                                    ; --            ; --          ; eda_simulation ;
; EDA_TEST_BENCH_NAME                  ; or                                     ; --            ; --          ; eda_simulation ;
; EDA_TEST_BENCH_NAME                  ; neg                                    ; --            ; --          ; eda_simulation ;
; EDA_TEST_BENCH_NAME                  ; phase2                                 ; --            ; --          ; eda_simulation ;
; EDA_TEST_BENCH_RUN_SIM_FOR           ; 500 ns                                 ; --            ; --          ; shra           ;
; EDA_TEST_BENCH_RUN_SIM_FOR           ; 500 ns                                 ; --            ; --          ; neg            ;
; EDA_TEST_BENCH_RUN_SIM_FOR           ; 500 ns                                 ; --            ; --          ; ror            ;
; EDA_TEST_BENCH_RUN_SIM_FOR           ; 500 ns                                 ; --            ; --          ; div            ;
; EDA_TEST_BENCH_RUN_SIM_FOR           ; 500 ns                                 ; --            ; --          ; sub            ;
; EDA_TEST_BENCH_RUN_SIM_FOR           ; 500 ns                                 ; --            ; --          ; rol            ;
; EDA_TEST_BENCH_RUN_SIM_FOR           ; 500 ns                                 ; --            ; --          ; shr            ;
; EDA_TEST_BENCH_RUN_SIM_FOR           ; 500 ns                                 ; --            ; --          ; mul            ;
; EDA_TEST_BENCH_RUN_SIM_FOR           ; 500 ns                                 ; --            ; --          ; shl            ;
; EDA_TEST_BENCH_RUN_SIM_FOR           ; 500 ns                                 ; --            ; --          ; and            ;
; EDA_TEST_BENCH_RUN_SIM_FOR           ; 500 ns                                 ; --            ; --          ; not            ;
; EDA_TEST_BENCH_RUN_SIM_FOR           ; 500 ns                                 ; --            ; --          ; or             ;
; EDA_TEST_BENCH_RUN_SIM_FOR           ; 500 ns                                 ; --            ; --          ; add            ;
; EDA_TIME_SCALE                       ; 100 ns                                 ; --            ; --          ; eda_simulation ;
; MAX_CORE_JUNCTION_TEMP               ; 85                                     ; --            ; --          ; --             ;
; MIN_CORE_JUNCTION_TEMP               ; 0                                      ; --            ; --          ; --             ;
; PARTITION_COLOR                      ; -- (Not supported for targeted family) ; --            ; datapath    ; Top            ;
; PARTITION_FITTER_PRESERVATION_LEVEL  ; -- (Not supported for targeted family) ; --            ; datapath    ; Top            ;
; PARTITION_NETLIST_TYPE               ; -- (Not supported for targeted family) ; --            ; datapath    ; Top            ;
; POWER_BOARD_THERMAL_MODEL            ; None (CONSERVATIVE)                    ; --            ; --          ; --             ;
; POWER_PRESET_COOLING_SOLUTION        ; 23 MM HEAT SINK WITH 200 LFPM AIRFLOW  ; --            ; --          ; --             ;
; TOP_LEVEL_ENTITY                     ; datapath                               ; CPU           ; --          ; --             ;
+--------------------------------------+----------------------------------------+---------------+-------------+----------------+


+--------------------------------------------------------------------------------------------------------------------------+
; Flow Elapsed Time                                                                                                        ;
+----------------------+--------------+-------------------------+---------------------+------------------------------------+
; Module Name          ; Elapsed Time ; Average Processors Used ; Peak Virtual Memory ; Total CPU Time (on all processors) ;
+----------------------+--------------+-------------------------+---------------------+------------------------------------+
; Analysis & Synthesis ; 00:00:48     ; 1.0                     ; 4911 MB             ; 00:00:58                           ;
; Total                ; 00:00:48     ; --                      ; --                  ; 00:00:58                           ;
+----------------------+--------------+-------------------------+---------------------+------------------------------------+


+------------------------------------------------------------------------------------+
; Flow OS Summary                                                                    ;
+----------------------+------------------+------------+------------+----------------+
; Module Name          ; Machine Hostname ; OS Name    ; OS Version ; Processor type ;
+----------------------+------------------+------------+------------+----------------+
; Analysis & Synthesis ; LAPTOP-FE5AIPV2  ; Windows 10 ; 10.0       ; x86_64         ;
+----------------------+------------------+------------+------------+----------------+


------------
; Flow Log ;
------------
quartus_map --read_settings_files=on --write_settings_files=off CPU -c CPU



